// Jest Snapshot v1, https://goo.gl/fbAQLP

exports[`State panel component renders correctly 1`] = `
Object {
  "asFragment": [Function],
  "baseElement": <body>
    <div>
      <div
        class="Box-sc-18eybku-0 kGhaHC"
        display="flex"
      >
        <div
          class="Box-sc-18eybku-0 bCznPx"
        >
          <h3
            class="Box-sc-18eybku-0 Text__BaseText-sc-4nqr4q-0 Text-sc-4nqr4q-1 kwciFV cHQCpL gClPCo"
            color="title"
          >
            Don't panic. Something went wrong.
          </h3>
          <h5
            class="Box-sc-18eybku-0 Text__BaseText-sc-4nqr4q-0 Text-sc-4nqr4q-1 jkGwVr cHQCpL gClPCo"
            color="title"
          >
            Browser doesn't like the page you were trying to load.
          </h5>
          <p
            class="Box-sc-18eybku-0 Text__BaseText-sc-4nqr4q-0 Text-sc-4nqr4q-1 iekmwW cHQCpL cpYCss"
            color="label"
          >
            Please check the url and try again.
          </p>
        </div>
      </div>
    </div>
  </body>,
  "container": <div>
    <div
      class="Box-sc-18eybku-0 kGhaHC"
      display="flex"
    >
      <div
        class="Box-sc-18eybku-0 bCznPx"
      >
        <h3
          class="Box-sc-18eybku-0 Text__BaseText-sc-4nqr4q-0 Text-sc-4nqr4q-1 kwciFV cHQCpL gClPCo"
          color="title"
        >
          Don't panic. Something went wrong.
        </h3>
        <h5
          class="Box-sc-18eybku-0 Text__BaseText-sc-4nqr4q-0 Text-sc-4nqr4q-1 jkGwVr cHQCpL gClPCo"
          color="title"
        >
          Browser doesn't like the page you were trying to load.
        </h5>
        <p
          class="Box-sc-18eybku-0 Text__BaseText-sc-4nqr4q-0 Text-sc-4nqr4q-1 iekmwW cHQCpL cpYCss"
          color="label"
        >
          Please check the url and try again.
        </p>
      </div>
    </div>
  </div>,
  "debug": [Function],
  "findAllByAltText": [Function],
  "findAllByDisplayValue": [Function],
  "findAllByLabelText": [Function],
  "findAllByPlaceholderText": [Function],
  "findAllByRole": [Function],
  "findAllByTestId": [Function],
  "findAllByText": [Function],
  "findAllByTitle": [Function],
  "findByAltText": [Function],
  "findByDisplayValue": [Function],
  "findByLabelText": [Function],
  "findByPlaceholderText": [Function],
  "findByRole": [Function],
  "findByTestId": [Function],
  "findByText": [Function],
  "findByTitle": [Function],
  "getAllByAltText": [Function],
  "getAllByDisplayValue": [Function],
  "getAllByLabelText": [Function],
  "getAllByPlaceholderText": [Function],
  "getAllByRole": [Function],
  "getAllByTestId": [Function],
  "getAllByText": [Function],
  "getAllByTitle": [Function],
  "getByAltText": [Function],
  "getByDisplayValue": [Function],
  "getByLabelText": [Function],
  "getByPlaceholderText": [Function],
  "getByRole": [Function],
  "getByTestId": [Function],
  "getByText": [Function],
  "getByTitle": [Function],
  "queryAllByAltText": [Function],
  "queryAllByDisplayValue": [Function],
  "queryAllByLabelText": [Function],
  "queryAllByPlaceholderText": [Function],
  "queryAllByRole": [Function],
  "queryAllByTestId": [Function],
  "queryAllByText": [Function],
  "queryAllByTitle": [Function],
  "queryByAltText": [Function],
  "queryByDisplayValue": [Function],
  "queryByLabelText": [Function],
  "queryByPlaceholderText": [Function],
  "queryByRole": [Function],
  "queryByTestId": [Function],
  "queryByText": [Function],
  "queryByTitle": [Function],
  "rerender": [Function],
  "unmount": [Function],
}
`;
